SQL> conn HOSTKBSVT/HOST@FLEX129;
Connected.
SQL> @D:\FSS_KB\git\flexdb\1.BDSHOST/Parameters/CMDMENU/BDS_CMDMENU_111500.sql
SP2-0042: unknown command "﻿- --" - rest of line ignored.
SQL> @D:\FSS_KB\git\flexdb\1.BDSHOST/Parameters/FILEMAP/BDS_FILEMAP_I075.sql
SP2-0042: unknown command "﻿- --" - rest of line ignored.
SQL> @D:\FSS_KB\git\flexdb\1.BDSHOST/Parameters/FILEMASTER/BDS_FILEMASTER_I039.sql
SP2-0042: unknown command "﻿/" - rest of line ignored.
SQL> @D:\FSS_KB\git\flexdb\1.BDSHOST/Parameters/MASTER_TRANS/BDS_MASTER_TRANS_0202.sql
SP2-0042: unknown command "﻿- --" - rest of line ignored.
SQL> @D:\FSS_KB\git\flexdb\1.BDSHOST/Parameters/MASTER_TRANS/BDS_MASTER_TRANS_5580.sql
SP2-0042: unknown command "﻿- --" - rest of line ignored.
SQL> @D:\FSS_KB\git\flexdb\1.BDSHOST/Parameters/MASTER_TRANS/BDS_MASTER_TRANS_5581.sql
SP2-0042: unknown command "﻿- --" - rest of line ignored.
SQL> @D:\FSS_KB\git\flexdb\1.BDSHOST/Parameters/MASTER_TRANS/BDS_MASTER_TRANS_5582.sql
SP2-0042: unknown command "﻿- --" - rest of line ignored.
SQL> @D:\FSS_KB\git\flexdb\1.BDSHOST/Parameters/MASTER_TRANS/BDS_MASTER_TRANS_SA.SECBASKET.sql
SP2-0042: unknown command "﻿- --" - rest of line ignored.
INSERT INTO FLDVAL  FLDNAME, OBJNAME, ODRNUM, VALTYPE, OPERATOR, VALEXP, VALEXP2, ERRMSG, EN_ERRMSG, TAGFIELD, TAGVALUE, CHKLEV)
                           *
ERROR at line 1:
ORA-00926: missing VALUES keyword 


SQL> @D:\FSS_KB\git\flexdb\1.BDSHOST/Parameters/SEARCH_SEARCHFLD/BDS_SEARCH_SEARCHFLD_LN5581.sql
SP2-0042: unknown command "﻿- --" - rest of line ignored.
SQL> @D:\FSS_KB\git\flexdb\1.BDSHOST/Parameters/SEARCH_SEARCHFLD/BDS_SEARCH_SEARCHFLD_LN5582.sql
SP2-0042: unknown command "﻿- --" - rest of line ignored.
SQL> @D:\FSS_KB\git\flexdb\1.BDSHOST/Parameters/SEARCH_SEARCHFLD/BDS_SEARCH_SEARCHFLD_LNSPECRATELIST.sql
SP2-0042: unknown command "﻿- --" - rest of line ignored.
SQL> @D:\FSS_KB\git\flexdb\1.BDSHOST/Parameters/SEARCH_SEARCHFLD/BDS_SEARCH_SEARCHFLD_PRODUCT_REG.sql
SP2-0042: unknown command "﻿- --" - rest of line ignored.
SQL> @D:\FSS_KB\git\flexdb\2.HOST/0.ChangeScripts/kbpl08/alter_table_AFBASKETEXTTEMP.sql
alter table afbasketexttemp add ACCTNUMBER VARCHAR2(20)
                                *
ERROR at line 1:
ORA-01430: column being added already exists in table 


SQL> @D:\FSS_KB\git\flexdb\2.HOST/0.ChangeScripts/kbpl08/alter_table_lnspecrateacct.sql
SP2-0042: unknown command "﻿- --" - rest of line ignored.
alter table lnspecrateacct add status varchar2(1) default 'A'
                               *
ERROR at line 1:
ORA-01430: column being added already exists in table 


alter table lnspecrateaccthist add status varchar2(1)
                                   *
ERROR at line 1:
ORA-01430: column being added already exists in table 


alter table lnspecrateaccthist add status varchar2(1)
                                   *
ERROR at line 1:
ORA-01430: column being added already exists in table 


SQL> @D:\FSS_KB\git\flexdb\2.HOST/0.ChangeScripts/kbpl08/alter_table_lnspecrateacct_log.sql
SP2-0042: unknown command "﻿- --" - rest of line ignored.
alter table lnspecrateacct_log add status varchar2(1)
                                   *
ERROR at line 1:
ORA-01430: column being added already exists in table 


alter table lnspecrateacct_log add status_old varchar2(1)
                                   *
ERROR at line 1:
ORA-01430: column being added already exists in table 


alter table lnspecrateacct_log add status_old varchar2(1)
                                   *
ERROR at line 1:
ORA-01430: column being added already exists in table 


SQL> @D:\FSS_KB\git\flexdb\2.HOST/0.ChangeScripts/kbpl08/create_table_LNAFRATEDTLHIST.sql
SP2-0042: unknown command "﻿- --" - rest of line ignored.
create table LNAFRATEDTLHIST
             *
ERROR at line 1:
ORA-00955: name is already used by an existing object 


SQL> @D:\FSS_KB\git\flexdb\2.HOST/3.Procedure/pr_backup_lnspecrateacct.sql
SQL> @D:\FSS_KB\git\flexdb\2.HOST/3.Procedure/pr_calc_afassrate.sql
SQL> @D:\FSS_KB\git\flexdb\2.HOST/4.Function/fn_markedafpralloc_2.sql
SQL> @D:\FSS_KB\git\flexdb\2.HOST/5.Package/TXPKS_#5580EX.sql
SQL> @D:\FSS_KB\git\flexdb\2.HOST/5.Package/TXPKS_#5581EX.sql
SQL> @D:\FSS_KB\git\flexdb\2.HOST/5.Package/TXPKS_#5582EX.sql
SQL> @D:\FSS_KB\git\flexdb\2.HOST/5.Package/cspks_filemaster.sql
SQL> @D:\FSS_KB\git\flexdb\2.HOST/5.Package/cspks_system.sql
SP2-0042: unknown command "﻿- --" - rest of line ignored.
SQL> @D:\FSS_KB\git\flexdb\2.HOST/5.Package/fopks_api_rpp.sql
SP2-0734: unknown command beginning "﻿CREATE OR..." - rest of line ignored.
SP2-0734: unknown command beginning "procedure ..." - rest of line ignored.
    (p_refcursor in out pkg_report.ref_cursor,
     *
ERROR at line 1:
ORA-00928: missing SELECT keyword 


SP2-0734: unknown command beginning "PROCEDURE ..." - rest of line ignored.
SP2-0734: unknown command beginning "p_bankid v..." - rest of line ignored.
SP2-0734: unknown command beginning "p_benefban..." - rest of line ignored.
SP2-0734: unknown command beginning "p_benefacc..." - rest of line ignored.
SP2-0044: For a list of known commands enter HELP
and to leave enter EXIT.
SP2-0734: unknown command beginning "p_benefcus..." - rest of line ignored.
SP2-0734: unknown command beginning "p_beneflic..." - rest of line ignored.
SP2-0734: unknown command beginning "p_amount n..." - rest of line ignored.
SP2-0734: unknown command beginning "p_feeamt n..." - rest of line ignored.
SP2-0044: For a list of known commands enter HELP
and to leave enter EXIT.
SP2-0734: unknown command beginning "p_vatamt n..." - rest of line ignored.
SP2-0734: unknown command beginning "p_desc var..." - rest of line ignored.
SP2-0734: unknown command beginning "p_citybank..." - rest of line ignored.
SP2-0734: unknown command beginning "p_cityef  ..." - rest of line ignored.
SP2-0044: For a list of known commands enter HELP
and to leave enter EXIT.
SP2-0734: unknown command beginning "p_err_code..." - rest of line ignored.
SP2-0734: unknown command beginning "p_err_mess..." - rest of line ignored.
SP2-0734: unknown command beginning "p_ipaddres..." - rest of line ignored.
SP2-0734: unknown command beginning "p_via in v..." - rest of line ignored.
SP2-0044: For a list of known commands enter HELP
and to leave enter EXIT.
SP2-0734: unknown command beginning "p_validati..." - rest of line ignored.
SP2-0734: unknown command beginning "p_devicety..." - rest of line ignored.
SP2-0734: unknown command beginning "p_device  ..." - rest of line ignored.
SP2-0734: unknown command beginning "procedure ..." - rest of line ignored.
SP2-0044: For a list of known commands enter HELP
and to leave enter EXIT.
SP2-0734: unknown command beginning "p_refcurso..." - rest of line ignored.
SP2-0734: unknown command beginning "p_afacctno..." - rest of line ignored.
SP2-0734: unknown command beginning "PAGE_RPP I..." - rest of line ignored.
SP2-0734: unknown command beginning "ROWS_RPP I..." - rest of line ignored.
SP2-0044: For a list of known commands enter HELP
and to leave enter EXIT.
SP2-0042: unknown command ")" - rest of line ignored.
SP2-0734: unknown command beginning "PROCEDURE ..." - rest of line ignored.
SP2-0734: unknown command beginning "PROCEDURE ..." - rest of line ignored.
    (p_REFCURSOR IN OUT PKG_REPORT.REF_CURSOR,
     *
ERROR at line 1:
ORA-00928: missing SELECT keyword 


SP2-0734: unknown command beginning "PROCEDURE ..." - rest of line ignored.
SP2-0734: unknown command beginning "PROCEDURE ..." - rest of line ignored.
SP2-0734: unknown command beginning "function f..." - rest of line ignored.
SP2-0734: unknown command beginning "return NUM..." - rest of line ignored.
SP2-0734: unknown command beginning "procedure ..." - rest of line ignored.
SP2-0734: unknown command beginning "PROCEDURE ..." - rest of line ignored.
SP2-0734: unknown command beginning "PROCEDURE ..." - rest of line ignored.
SP2-0734: unknown command beginning "PROCEDURE ..." - rest of line ignored.
SP2-0734: unknown command beginning "PROCEDURE ..." - rest of line ignored.
    (p_REFCURSOR IN OUT PKG_REPORT.REF_CURSOR,
     *
ERROR at line 1:
ORA-00928: missing SELECT keyword 


SP2-0734: unknown command beginning "PROCEDURE ..." - rest of line ignored.
    (P_REFCURSOR IN OUT PKG_REPORT.REF_CURSOR,
     *
ERROR at line 1:
ORA-00928: missing SELECT keyword 


SP2-0734: unknown command beginning "PROCEDURE ..." - rest of line ignored.
    (p_REFCURSOR IN OUT PKG_REPORT.REF_CURSOR,
     *
ERROR at line 1:
ORA-00928: missing SELECT keyword 


SP2-0734: unknown command beginning "PROCEDURE ..." - rest of line ignored.
    (p_REFCURSOR IN OUT PKG_REPORT.REF_CURSOR,
     *
ERROR at line 1:
ORA-00928: missing SELECT keyword 


SP2-0734: unknown command beginning "PROCEDURE ..." - rest of line ignored.
    (p_REFCURSOR IN OUT PKG_REPORT.REF_CURSOR,
     *
ERROR at line 1:
ORA-00928: missing SELECT keyword 


SP2-0734: unknown command beginning "PROCEDURE ..." - rest of line ignored.
    (P_REFCURSOR IN OUT PKG_REPORT.REF_CURSOR,
     *
ERROR at line 1:
ORA-00928: missing SELECT keyword 


SP2-0734: unknown command beginning "PROCEDURE ..." - rest of line ignored.
    (P_REFCURSOR IN OUT PKG_REPORT.REF_CURSOR,
     *
ERROR at line 1:
ORA-00928: missing SELECT keyword 


SP2-0734: unknown command beginning "PROCEDURE ..." - rest of line ignored.
    (P_REFCURSOR IN OUT PKG_REPORT.REF_CURSOR,
     *
ERROR at line 1:
ORA-00928: missing SELECT keyword 


SP2-0734: unknown command beginning "procedure ..." - rest of line ignored.
    (p_refcursor in out pkg_report.ref_cursor,
     *
ERROR at line 1:
ORA-00928: missing SELECT keyword 


SP2-0734: unknown command beginning "PROCEDURE ..." - rest of line ignored.
    (p_REFCURSOR IN OUT PKG_REPORT.REF_CURSOR,
     *
ERROR at line 1:
ORA-00928: missing SELECT keyword 


SP2-0734: unknown command beginning "PROCEDURE ..." - rest of line ignored.
    (p_REFCURSOR IN OUT PKG_REPORT.REF_CURSOR,
     *
ERROR at line 1:
ORA-00928: missing SELECT keyword 


SP2-0734: unknown command beginning "procedure ..." - rest of line ignored.
SP2-0734: unknown command beginning "p_type in ..." - rest of line ignored.
SP2-0734: unknown command beginning "p_afacctno..." - rest of line ignored.
SP2-0734: unknown command beginning "p_ciacctno..." - rest of line ignored.
SP2-0044: For a list of known commands enter HELP
and to leave enter EXIT.
SP2-0734: unknown command beginning "p_ciname i..." - rest of line ignored.
SP2-0734: unknown command beginning "p_bankacc ..." - rest of line ignored.
SP2-0734: unknown command beginning "p_bankacna..." - rest of line ignored.
SP2-0734: unknown command beginning "p_bankname..." - rest of line ignored.
SP2-0044: For a list of known commands enter HELP
and to leave enter EXIT.
SP2-0734: unknown command beginning "p_cityef i..." - rest of line ignored.
SP2-0734: unknown command beginning "p_citybank..." - rest of line ignored.
SP2-0734: unknown command beginning "p_bankid i..." - rest of line ignored.
SP2-0734: unknown command beginning "P_bankorgn..." - rest of line ignored.
SP2-0044: For a list of known commands enter HELP
and to leave enter EXIT.
SP2-0734: unknown command beginning "p_mnemonic..." - rest of line ignored.
SP2-0734: unknown command beginning "p_err_code..." - rest of line ignored.
SP2-0734: unknown command beginning "p_err_mess..." - rest of line ignored.
SP2-0734: unknown command beginning "p_ipaddres..." - rest of line ignored.
SP2-0044: For a list of known commands enter HELP
and to leave enter EXIT.
SP2-0734: unknown command beginning "p_via in v..." - rest of line ignored.
SP2-0734: unknown command beginning "p_validati..." - rest of line ignored.
SP2-0734: unknown command beginning "p_devicety..." - rest of line ignored.
SP2-0734: unknown command beginning "p_device  ..." - rest of line ignored.
SP2-0044: For a list of known commands enter HELP
and to leave enter EXIT.
SP2-0734: unknown command beginning ");-- Ham d..." - rest of line ignored.
SP2-0734: unknown command beginning "procedure ..." - rest of line ignored.
SP2-0734: unknown command beginning "p_refcurso..." - rest of line ignored.
SP2-0734: unknown command beginning "p_afacctno..." - rest of line ignored.
SP2-0044: For a list of known commands enter HELP
and to leave enter EXIT.
SP2-0734: unknown command beginning "PAGE_RPP I..." - rest of line ignored.
SP2-0734: unknown command beginning "ROWS_RPP I..." - rest of line ignored.
SP2-0042: unknown command ")" - rest of line ignored.
SP2-0734: unknown command beginning "PROCEDURE ..." - rest of line ignored.
SP2-0044: For a list of known commands enter HELP
and to leave enter EXIT.
    (p_REFCURSOR IN OUT PKG_REPORT.REF_CURSOR,
     *
ERROR at line 1:
ORA-00928: missing SELECT keyword 


SP2-0734: unknown command beginning "PROCEDURE ..." - rest of line ignored.
    (p_REFCURSOR IN OUT PKG_REPORT.REF_CURSOR,
     *
ERROR at line 1:
ORA-00928: missing SELECT keyword 


SP2-0734: unknown command beginning "PROCEDURE ..." - rest of line ignored.
    (p_REFCURSOR IN OUT PKG_REPORT.REF_CURSOR,
     *
ERROR at line 1:
ORA-00928: missing SELECT keyword 


SP2-0734: unknown command beginning "procedure ..." - rest of line ignored.
SP2-0734: unknown command beginning "p_afacctno..." - rest of line ignored.
SP2-0734: unknown command beginning "p_ciacctno..." - rest of line ignored.
SP2-0734: unknown command beginning "p_ciname i..." - rest of line ignored.
SP2-0044: For a list of known commands enter HELP
and to leave enter EXIT.
SP2-0734: unknown command beginning "p_bankacc ..." - rest of line ignored.
SP2-0734: unknown command beginning "p_bankacna..." - rest of line ignored.
SP2-0734: unknown command beginning "p_ciacctno..." - rest of line ignored.
SP2-0734: unknown command beginning "p_bankacc_..." - rest of line ignored.
SP2-0044: For a list of known commands enter HELP
and to leave enter EXIT.
SP2-0734: unknown command beginning "p_mnemonic..." - rest of line ignored.
SP2-0734: unknown command beginning "p_err_code..." - rest of line ignored.
SP2-0734: unknown command beginning "p_err_mess..." - rest of line ignored.
SP2-0734: unknown command beginning "); -- Ham ..." - rest of line ignored.
SP2-0044: For a list of known commands enter HELP
and to leave enter EXIT.
SP2-0734: unknown command beginning "PROCEDURE ..." - rest of line ignored.
    (p_REFCURSOR IN OUT PKG_REPORT.REF_CURSOR,
     *
ERROR at line 1:
ORA-00928: missing SELECT keyword 


SP2-0734: unknown command beginning "PROCEDURE ..." - rest of line ignored.
    (p_REFCURSOR IN OUT PKG_REPORT.REF_CURSOR,
     *
ERROR at line 1:
ORA-00928: missing SELECT keyword 


SP2-0734: unknown command beginning "FUNCTION f..." - rest of line ignored.
SP2-0734: unknown command beginning "p_afacctno..." - rest of line ignored.
SP2-0734: unknown command beginning ") RETURN N..." - rest of line ignored.
SP2-0734: unknown command beginning "PROCEDURE ..." - rest of line ignored.
SP2-0044: For a list of known commands enter HELP
and to leave enter EXIT.
SP2-0042: unknown command ")" - rest of line ignored.
SP2-0734: unknown command beginning "PROCEDURE ..." - rest of line ignored.
SP2-0734: unknown command beginning "AFACCTNO  ..." - rest of line ignored.
SP2-0734: unknown command beginning "F_DATE    ..." - rest of line ignored.
SP2-0734: unknown command beginning "T_DATE    ..." - rest of line ignored.
SP2-0734: unknown command beginning "PROCEDURE ..." - rest of line ignored.
SP2-0044: For a list of known commands enter HELP
and to leave enter EXIT.
SP2-0734: unknown command beginning "p_newpin  ..." - rest of line ignored.
SP2-0734: unknown command beginning "p_err_code..." - rest of line ignored.
SP2-0734: unknown command beginning "p_err_mess..." - rest of line ignored.
SP2-0734: unknown command beginning "procedure ..." - rest of line ignored.
SP2-0044: For a list of known commands enter HELP
and to leave enter EXIT.
    (p_refcursor in out pkg_report.ref_cursor,
     *
ERROR at line 1:
ORA-00928: missing SELECT keyword 


SP2-0734: unknown command beginning "PROCEDURE ..." - rest of line ignored.
    (P_REFCURSOR IN OUT PKG_REPORT.REF_CURSOR,
     *
ERROR at line 1:
ORA-00928: missing SELECT keyword 


SP2-0734: unknown command beginning "PROCEDURE ..." - rest of line ignored.
    (p_REFCURSOR IN OUT PKG_REPORT.REF_CURSOR,
     *
ERROR at line 1:
ORA-00928: missing SELECT keyword 


SP2-0734: unknown command beginning "procedure ..." - rest of line ignored.
SP2-0734: unknown command beginning "p_refcurso..." - rest of line ignored.
SP2-0734: unknown command beginning "p_areaid  ..." - rest of line ignored.
SP2-0042: unknown command ")" - rest of line ignored.
SP2-0044: For a list of known commands enter HELP
and to leave enter EXIT.
SP2-0734: unknown command beginning "PROCEDURE ..." - rest of line ignored.
SP2-0734: unknown command beginning "p_Customer..." - rest of line ignored.
SP2-0734: unknown command beginning "p_Customer..." - rest of line ignored.
SP2-0734: unknown command beginning "p_IDCode I..." - rest of line ignored.
SP2-0044: For a list of known commands enter HELP
and to leave enter EXIT.
SP2-0734: unknown command beginning "p_Iddate I..." - rest of line ignored.
SP2-0734: unknown command beginning "p_Idplace ..." - rest of line ignored.
SP2-0734: unknown command beginning "p_ContactA..." - rest of line ignored.
SP2-0734: unknown command beginning "p_Mobile I..." - rest of line ignored.
SP2-0044: For a list of known commands enter HELP
and to leave enter EXIT.
SP2-0734: unknown command beginning "p_Email IN..." - rest of line ignored.
SP2-0734: unknown command beginning "p_Customer..." - rest of line ignored.
SP2-0734: unknown command beginning "p_Custodyc..." - rest of line ignored.
SP2-0734: unknown command beginning "p_brid    ..." - rest of line ignored.
SP2-0044: For a list of known commands enter HELP
and to leave enter EXIT.
SP2-0734: unknown command beginning "p_sex     ..." - rest of line ignored.
SP2-0734: unknown command beginning "p_err_code..." - rest of line ignored.
SP2-0734: unknown command beginning "p_err_mess..." - rest of line ignored.
SP2-0734: unknown command beginning "p_expdate ..." - rest of line ignored.
SP2-0044: For a list of known commands enter HELP
and to leave enter EXIT.
SP2-0734: unknown command beginning "p_Bankacco..." - rest of line ignored.
SP2-0734: unknown command beginning "p_Bankname..." - rest of line ignored.
SP2-0734: unknown command beginning "p_ReRegist..." - rest of line ignored.
SP2-0734: unknown command beginning "p_ReRelati..." - rest of line ignored.
SP2-0044: For a list of known commands enter HELP
and to leave enter EXIT.
SP2-0734: unknown command beginning "p_ReFullNa..." - rest of line ignored.
SP2-0734: unknown command beginning "p_ReTlid  ..." - rest of line ignored.
SP2-0734: unknown command beginning "p_othCusto..." - rest of line ignored.
SP2-0734: unknown command beginning "p_othCompa..." - rest of line ignored.
SP2-0044: For a list of known commands enter HELP
and to leave enter EXIT.
SP2-0734: unknown command beginning "p_Register..." - rest of line ignored.
SP2-0734: unknown command beginning "p_Register..." - rest of line ignored.
SP2-0734: unknown command beginning "p_AuthenTy..." - rest of line ignored.
SP2-0734: unknown command beginning "p_AuthenTy..." - rest of line ignored.
SP2-0044: For a list of known commands enter HELP
and to leave enter EXIT.
SP2-0734: unknown command beginning "p_AreaOpen..." - rest of line ignored.
SP2-0734: unknown command beginning "p_BranchOp..." - rest of line ignored.
SP2-0734: unknown command beginning "p_BankBrid..." - rest of line ignored.
SP2-0734: unknown command beginning ");--Ham da..." - rest of line ignored.
SP2-0044: For a list of known commands enter HELP
and to leave enter EXIT.
SP2-0734: unknown command beginning "END fopks_..." - rest of line ignored.
    (p_REFCURSOR IN OUT PKG_REPORT.REF_CURSOR,
     *
ERROR at line 1:
ORA-00928: missing SELECT keyword 


SQL> @D:\FSS_KB\git\flexdb\2.HOST/5.Package/txpks_batch.sql

Warning: Package Body created with compilation errors.

SQL> @D:\FSS_KB\git\flexdb\2.HOST/5.Package/txpks_prchk.sql
SQL> @D:\FSS_KB\git\flexdb\2.HOST/7.Parameters/DEFERROR/HOST_DEFERROR_CF.sql
SQL> @D:\FSS_KB\git\flexdb\2.HOST/7.Parameters/DEFERROR/HOST_DEFERROR_LN.sql
SP2-0042: unknown command "﻿- --" - rest of line ignored.
SQL> @D:\FSS_KB\git\flexdb\2.HOST/7.Parameters/DEFERROR/HOST_DEFERROR_SA.sql
SP2-0042: unknown command "﻿- --" - rest of line ignored.
SQL> COMMIT;
SQL> SPOOL OFF;
