SQL> conn BDSKBSVT/BDS@FLEX129;
Connected.
SQL> 
SQL> @@D:\FSS_KB\git\flexdb\1.BDSHOST/Parameters/ALLCODE/BDS_ALLCODE_CF_REGTYPE.sql
SP2-0310: unable to open file "D:\FSS_KB\git\flexdb\1.BDSHOST/Parameters/ALLCODE/BDS_ALLCODE_CF_REGTYPE.sql"
SQL> @@D:\FSS_KB\git\flexdb\1.BDSHOST/Parameters/DEFERROR/BDS_DEFERROR_CF.sql
SP2-0042: unknown command "﻿- --" - rest of line ignored.
SP2-0103: Nothing in SQL buffer to run.
SQL> @@D:\FSS_KB\git\flexdb\1.BDSHOST/Parameters/DEFERROR/BDS_DEFERROR_SA.sql
SP2-0042: unknown command "﻿- --" - rest of line ignored.
SQL> @@D:\FSS_KB\git\flexdb\1.BDSHOST/Parameters/MASTER_TRANS/BDS_MASTER_TRANS_SA_PRODUCT_TC.sql
SP2-0042: unknown command "﻿- --" - rest of line ignored.
SQL> @@D:\FSS_KB\git\flexdb\1.BDSHOST/Parameters/SEARCH_SEARCHFLD/BDS_SEARCH_SEARCHFLD_CF0203.sql
SP2-0042: unknown command "﻿- --" - rest of line ignored.
SQL> 
SQL> SPOOL OFF;
