SQL> conn HOSTKBSVT/HOST@FLEX129;
Connected.
SQL> 
SQL> @@D:\FSS_KB\git\flexdb\1.BDSHOST/Parameters/ALLCODE/BDS_ALLCODE_CF_REGTYPE.sql
SP2-0310: unable to open file "D:\FSS_KB\git\flexdb\1.BDSHOST/Parameters/ALLCODE/BDS_ALLCODE_CF_REGTYPE.sql"
SQL> @@D:\FSS_KB\git\flexdb\1.BDSHOST/Parameters/DEFERROR/BDS_DEFERROR_CF.sql
SP2-0042: unknown command "﻿- --" - rest of line ignored.
SQL> @@D:\FSS_KB\git\flexdb\1.BDSHOST/Parameters/DEFERROR/BDS_DEFERROR_SA.sql
SP2-0042: unknown command "﻿- --" - rest of line ignored.
SQL> @@D:\FSS_KB\git\flexdb\1.BDSHOST/Parameters/MASTER_TRANS/BDS_MASTER_TRANS_SA_PRODUCT_TC.sql
SP2-0042: unknown command "﻿- --" - rest of line ignored.
SQL> @@D:\FSS_KB\git\flexdb\1.BDSHOST/Parameters/SEARCH_SEARCHFLD/BDS_SEARCH_SEARCHFLD_CF0203.sql
SP2-0042: unknown command "﻿- --" - rest of line ignored.
SQL> @@D:\FSS_KB\git\flexdb\2.HOST/5.Package/TXPKS_#0201EX.sql
SP2-0042: unknown command "﻿- --" - rest of line ignored.
SQL> @@D:\FSS_KB\git\flexdb\2.HOST/5.Package/TXPKS_#0202EX.sql
SP2-0042: unknown command "﻿- --" - rest of line ignored.
SQL> @@D:\FSS_KB\git\flexdb\2.HOST/5.Package/TXPKS_#0203EX.sql
SP2-0042: unknown command "﻿- --" - rest of line ignored.
SQL> @@D:\FSS_KB\git\flexdb\2.HOST/7.Parameters/DEFERROR/HOST_DEFERROR_CF.sql
SQL> @@D:\FSS_KB\git\flexdb\2.HOST/7.Parameters/DEFERROR/HOST_DEFERROR_SA.sql
SP2-0042: unknown command "﻿- --" - rest of line ignored.
SQL> @@D:\FSS_KB\git\flexdb\2.HOST/7.Parameters/ALLCODE/BDS_ALLCODE_CF_REGTYPE.sql
SP2-0310: unable to open file "D:\FSS_KB\git\flexdb\2.HOST/7.Parameters/ALLCODE/BDS_ALLCODE_CF_REGTYPE.sql"
SQL> 
SQL> SPOOL OFF;
